// Jest Snapshot v1, https://goo.gl/fbAQLP

exports[`TabsSnapshot should render Tabs 1`] = `
<div
  className="tabs"
>
  <section
    className="locations container"
  >
    <ul
      className="tabs__list"
    >
      <li
        className="locations__item"
      >
        <a
          className="locations__item-link tabs__item tabs__item--active"
          href="/"
          onClick={[Function]}
        >
          <span>
            item 1
          </span>
        </a>
      </li>
      <li
        className="locations__item"
      >
        <a
          className="locations__item-link tabs__item"
          href="/"
          onClick={[Function]}
        >
          <span>
            item 2
          </span>
        </a>
      </li>
      <li
        className="locations__item"
      >
        <a
          className="locations__item-link tabs__item"
          href="/"
          onClick={[Function]}
        >
          <span>
            item 3
          </span>
        </a>
      </li>
    </ul>
  </section>
</div>
`;
